---
http_interactions:
- request:
    method: get
    uri: https://quickbooks-desktop-integration.s3.amazonaws.com/?max-keys=1000&prefix=54616145436f6e2fda030000/settings/get_
    body:
      encoding: US-ASCII
      string: ''
    headers:
      Content-Type:
      - ''
      Accept-Encoding:
      - ''
      User-Agent:
      - aws-sdk-ruby/1.57.0 ruby/2.1.5 x86_64-darwin14.0
      Date:
      - Wed, 07 Jan 2015 12:57:20 GMT
      Authorization:
      - AUTHORIZATION
      Accept:
      - "*/*"
  response:
    status:
      code: 200
      message: OK
    headers:
      X-Amz-Id-2:
      - auRKjNHW1UkbgW+f4dlv01A92aMIUta7ApR/KyR/RAgBs6s2htOhDbH9nAglTW5+
      X-Amz-Request-Id:
      - 30670A0E795AF752
      Date:
      - Wed, 07 Jan 2015 12:57:22 GMT
      Content-Type:
      - application/xml
      Transfer-Encoding:
      - chunked
      Server:
      - AmazonS3
    body:
      encoding: UTF-8
      string: |-
        <?xml version="1.0" encoding="UTF-8"?>
        <ListBucketResult xmlns="http://s3.amazonaws.com/doc/2006-03-01/"><Name>quickbooks-desktop-integration</Name><Prefix>54616145436f6e2fda030000/settings/get_</Prefix><Marker></Marker><MaxKeys>1000</MaxKeys><IsTruncated>false</IsTruncated><Contents><Key>54616145436f6e2fda030000/settings/get_inventory.json</Key><LastModified>2015-01-07T12:48:37.000Z</LastModified><ETag>&quot;28bdf47eaae43a8380e258fa165723e7&quot;</ETag><Size>147</Size><Owner><ID>633a0512f4d370ad97916a11baa863fa62705e09dadcd817eb6cd34989056d9d</ID><DisplayName>aws</DisplayName></Owner><StorageClass>STANDARD</StorageClass></Contents><Contents><Key>54616145436f6e2fda030000/settings/get_products.json</Key><LastModified>2015-01-07T12:48:45.000Z</LastModified><ETag>&quot;9d9ea32fb2e7f2c9ea5485de80de5a6b&quot;</ETag><Size>146</Size><Owner><ID>633a0512f4d370ad97916a11baa863fa62705e09dadcd817eb6cd34989056d9d</ID><DisplayName>aws</DisplayName></Owner><StorageClass>STANDARD</StorageClass></Contents></ListBucketResult>
    http_version: 
  recorded_at: Wed, 07 Jan 2015 12:57:21 GMT
- request:
    method: get
    uri: https://quickbooks-desktop-integration.s3.amazonaws.com/54616145436f6e2fda030000/settings/get_inventory.json
    body:
      encoding: US-ASCII
      string: ''
    headers:
      Content-Type:
      - ''
      Accept-Encoding:
      - ''
      User-Agent:
      - aws-sdk-ruby/1.57.0 ruby/2.1.5 x86_64-darwin14.0
      Date:
      - Wed, 07 Jan 2015 12:57:21 GMT
      Authorization:
      - AUTHORIZATION
      Accept:
      - "*/*"
  response:
    status:
      code: 200
      message: OK
    headers:
      X-Amz-Id-2:
      - jItaqoCy7cVxW0+fW+SZ7NIWVMMcfnPSARmBycRRPp3/G1ZU9+gSFUJwJZUOput9
      X-Amz-Request-Id:
      - B54FC8F4BAF87892
      Date:
      - Wed, 07 Jan 2015 12:57:23 GMT
      Last-Modified:
      - Wed, 07 Jan 2015 12:48:37 GMT
      Etag:
      - '"28bdf47eaae43a8380e258fa165723e7"'
      Accept-Ranges:
      - bytes
      Content-Type:
      - ''
      Content-Length:
      - '147'
      Server:
      - AmazonS3
    body:
      encoding: UTF-8
      string: |-
        connection_id,flow,origin,quickbooks_since,quickbooks_force_config
        54616145436f6e2fda030000,get_inventory,quickbooks,2015-01-07T04:48:35-08:00,true
    http_version: 
  recorded_at: Wed, 07 Jan 2015 12:57:22 GMT
- request:
    method: get
    uri: https://quickbooks-desktop-integration.s3.amazonaws.com/54616145436f6e2fda030000/settings/get_products.json
    body:
      encoding: US-ASCII
      string: ''
    headers:
      Content-Type:
      - ''
      Accept-Encoding:
      - ''
      User-Agent:
      - aws-sdk-ruby/1.57.0 ruby/2.1.5 x86_64-darwin14.0
      Date:
      - Wed, 07 Jan 2015 12:57:22 GMT
      Authorization:
      - AUTHORIZATION
      Accept:
      - "*/*"
  response:
    status:
      code: 200
      message: OK
    headers:
      X-Amz-Id-2:
      - MX0D84kudTcC8WdcagGSnrIMVxg+R0c64reX9VXmJeaXuD4EZAqQ/8KblHHpMu/+
      X-Amz-Request-Id:
      - 4D5B30C0DDF232FB
      Date:
      - Wed, 07 Jan 2015 12:57:24 GMT
      Last-Modified:
      - Wed, 07 Jan 2015 12:48:45 GMT
      Etag:
      - '"9d9ea32fb2e7f2c9ea5485de80de5a6b"'
      Accept-Ranges:
      - bytes
      Content-Type:
      - ''
      Content-Length:
      - '146'
      Server:
      - AmazonS3
    body:
      encoding: UTF-8
      string: |-
        connection_id,flow,origin,quickbooks_since,quickbooks_force_config
        54616145436f6e2fda030000,get_products,quickbooks,2015-01-06T10:38:45-08:00,true
    http_version: 
  recorded_at: Wed, 07 Jan 2015 12:57:23 GMT
- request:
    method: get
    uri: https://quickbooks-desktop-integration.s3.amazonaws.com/?max-keys=1000&prefix=54616145436f6e2fda030000/settings/get_
    body:
      encoding: US-ASCII
      string: ''
    headers:
      Content-Type:
      - ''
      Accept-Encoding:
      - ''
      User-Agent:
      - aws-sdk-ruby/1.57.0 ruby/2.1.5 x86_64-darwin14.0
      Date:
      - Wed, 07 Jan 2015 12:57:23 GMT
      Authorization:
      - AUTHORIZATION
      Accept:
      - "*/*"
  response:
    status:
      code: 200
      message: OK
    headers:
      X-Amz-Id-2:
      - qoXW0I0NSzKKPUr5q/be503PWMeYb/92etZ+nK3MYeMXSyh7WIerPa0eYdQ4Bf0T
      X-Amz-Request-Id:
      - 0CEC1370F5CF7F59
      Date:
      - Wed, 07 Jan 2015 12:57:24 GMT
      Content-Type:
      - application/xml
      Transfer-Encoding:
      - chunked
      Server:
      - AmazonS3
    body:
      encoding: UTF-8
      string: |-
        <?xml version="1.0" encoding="UTF-8"?>
        <ListBucketResult xmlns="http://s3.amazonaws.com/doc/2006-03-01/"><Name>quickbooks-desktop-integration</Name><Prefix>54616145436f6e2fda030000/settings/get_</Prefix><Marker></Marker><MaxKeys>1000</MaxKeys><IsTruncated>false</IsTruncated><Contents><Key>54616145436f6e2fda030000/settings/get_inventory.json</Key><LastModified>2015-01-07T12:48:37.000Z</LastModified><ETag>&quot;28bdf47eaae43a8380e258fa165723e7&quot;</ETag><Size>147</Size><Owner><ID>633a0512f4d370ad97916a11baa863fa62705e09dadcd817eb6cd34989056d9d</ID><DisplayName>aws</DisplayName></Owner><StorageClass>STANDARD</StorageClass></Contents><Contents><Key>54616145436f6e2fda030000/settings/get_products.json</Key><LastModified>2015-01-07T12:48:45.000Z</LastModified><ETag>&quot;9d9ea32fb2e7f2c9ea5485de80de5a6b&quot;</ETag><Size>146</Size><Owner><ID>633a0512f4d370ad97916a11baa863fa62705e09dadcd817eb6cd34989056d9d</ID><DisplayName>aws</DisplayName></Owner><StorageClass>STANDARD</StorageClass></Contents></ListBucketResult>
    http_version: 
  recorded_at: Wed, 07 Jan 2015 12:57:23 GMT
- request:
    method: get
    uri: https://quickbooks-desktop-integration.s3.amazonaws.com/54616145436f6e2fda030000/settings/get_inventory.json
    body:
      encoding: US-ASCII
      string: ''
    headers:
      Content-Type:
      - ''
      Accept-Encoding:
      - ''
      User-Agent:
      - aws-sdk-ruby/1.57.0 ruby/2.1.5 x86_64-darwin14.0
      Date:
      - Wed, 07 Jan 2015 12:57:23 GMT
      Authorization:
      - AUTHORIZATION
      Accept:
      - "*/*"
  response:
    status:
      code: 200
      message: OK
    headers:
      X-Amz-Id-2:
      - rfcDk3u0K2r7uJvws9LcDSj1EbgE1JFMwj5WGmmhlW7neAeTL8F+cfJFFduUlzAg
      X-Amz-Request-Id:
      - 71486F0173D60485
      Date:
      - Wed, 07 Jan 2015 12:57:25 GMT
      Last-Modified:
      - Wed, 07 Jan 2015 12:48:37 GMT
      Etag:
      - '"28bdf47eaae43a8380e258fa165723e7"'
      Accept-Ranges:
      - bytes
      Content-Type:
      - ''
      Content-Length:
      - '147'
      Server:
      - AmazonS3
    body:
      encoding: UTF-8
      string: |-
        connection_id,flow,origin,quickbooks_since,quickbooks_force_config
        54616145436f6e2fda030000,get_inventory,quickbooks,2015-01-07T04:48:35-08:00,true
    http_version: 
  recorded_at: Wed, 07 Jan 2015 12:57:24 GMT
- request:
    method: get
    uri: https://quickbooks-desktop-integration.s3.amazonaws.com/54616145436f6e2fda030000/settings/get_products.json
    body:
      encoding: US-ASCII
      string: ''
    headers:
      Content-Type:
      - ''
      Accept-Encoding:
      - ''
      User-Agent:
      - aws-sdk-ruby/1.57.0 ruby/2.1.5 x86_64-darwin14.0
      Date:
      - Wed, 07 Jan 2015 12:57:24 GMT
      Authorization:
      - AUTHORIZATION
      Accept:
      - "*/*"
  response:
    status:
      code: 200
      message: OK
    headers:
      X-Amz-Id-2:
      - 7lYP8BwFseNh6P6lJmJtfw0aHd+ZQrUSRekODMT6djlRStDnVFChlvL/MAjRIr26
      X-Amz-Request-Id:
      - 9F4B588D6B3907B9
      Date:
      - Wed, 07 Jan 2015 12:57:25 GMT
      Last-Modified:
      - Wed, 07 Jan 2015 12:48:45 GMT
      Etag:
      - '"9d9ea32fb2e7f2c9ea5485de80de5a6b"'
      Accept-Ranges:
      - bytes
      Content-Type:
      - ''
      Content-Length:
      - '146'
      Server:
      - AmazonS3
    body:
      encoding: UTF-8
      string: |-
        connection_id,flow,origin,quickbooks_since,quickbooks_force_config
        54616145436f6e2fda030000,get_products,quickbooks,2015-01-06T10:38:45-08:00,true
    http_version: 
  recorded_at: Wed, 07 Jan 2015 12:57:25 GMT
- request:
    method: head
    uri: https://quickbooks-desktop-integration.s3.amazonaws.com/54616145436f6e2fda030000/settings/get_inventory.json
    body:
      encoding: US-ASCII
      string: ''
    headers:
      Content-Type:
      - ''
      Accept-Encoding:
      - ''
      User-Agent:
      - aws-sdk-ruby/1.57.0 ruby/2.1.5 x86_64-darwin14.0
      Date:
      - Wed, 07 Jan 2015 12:57:25 GMT
      Authorization:
      - AUTHORIZATION
      Accept:
      - "*/*"
  response:
    status:
      code: 200
      message: OK
    headers:
      X-Amz-Id-2:
      - ZKF35L76ufRwCG5n1sxkaSDyB8wI0Mr/azqy4dZp5wXL+ngpG3kvKCGBs7wjwJnC
      X-Amz-Request-Id:
      - 50D31730597E6902
      Date:
      - Wed, 07 Jan 2015 12:57:26 GMT
      Last-Modified:
      - Wed, 07 Jan 2015 12:48:37 GMT
      Etag:
      - '"28bdf47eaae43a8380e258fa165723e7"'
      Accept-Ranges:
      - bytes
      Content-Type:
      - ''
      Content-Length:
      - '147'
      Server:
      - AmazonS3
    body:
      encoding: UTF-8
      string: ''
    http_version: 
  recorded_at: Wed, 07 Jan 2015 12:57:25 GMT
- request:
    method: get
    uri: https://quickbooks-desktop-integration.s3.amazonaws.com/?versioning=
    body:
      encoding: US-ASCII
      string: ''
    headers:
      Content-Type:
      - ''
      Accept-Encoding:
      - ''
      User-Agent:
      - aws-sdk-ruby/1.57.0 ruby/2.1.5 x86_64-darwin14.0
      Date:
      - Wed, 07 Jan 2015 12:57:25 GMT
      Authorization:
      - AUTHORIZATION
      Accept:
      - "*/*"
  response:
    status:
      code: 200
      message: OK
    headers:
      X-Amz-Id-2:
      - bFa84LatlpPH4ZqqDksaNwPFSuJ/g/qLbP5Qzxy6r00hz0REvbK+pIE5ugDv3Z3v
      X-Amz-Request-Id:
      - 6E1AA52CE7A7A101
      Date:
      - Wed, 07 Jan 2015 12:57:27 GMT
      Transfer-Encoding:
      - chunked
      Server:
      - AmazonS3
    body:
      encoding: UTF-8
      string: |-
        <?xml version="1.0" encoding="UTF-8"?>
        <VersioningConfiguration xmlns="http://s3.amazonaws.com/doc/2006-03-01/"/>
    http_version: 
  recorded_at: Wed, 07 Jan 2015 12:57:26 GMT
- request:
    method: put
    uri: https://quickbooks-desktop-integration.s3.amazonaws.com/54616145436f6e2fda030000/settings/get_inventory.json
    body:
      encoding: ASCII-8BIT
      string: |-
        connection_id,flow,origin,quickbooks_since,quickbooks_force_config
        54616145436f6e2fda030000,get_inventory,quickbooks,2015-01-07T04:57:25-08:00,true
    headers:
      Content-Type:
      - ''
      Accept-Encoding:
      - ''
      Content-Length:
      - '147'
      User-Agent:
      - aws-sdk-ruby/1.57.0 ruby/2.1.5 x86_64-darwin14.0
      Date:
      - Wed, 07 Jan 2015 12:57:26 GMT
      Authorization:
      - AUTHORIZATION
      Accept:
      - "*/*"
  response:
    status:
      code: 200
      message: OK
    headers:
      X-Amz-Id-2:
      - gpFKVdgeK5SIKFRLcfxczjKO7cReG9KsM/vDqgtslUEVEaZ91aypJx+OyJbDnaH/
      X-Amz-Request-Id:
      - 66BD5A4135D1110B
      Date:
      - Wed, 07 Jan 2015 12:57:27 GMT
      Etag:
      - '"12a41e54e8fe921a4530b008ebfcd8cc"'
      Content-Length:
      - '0'
      Server:
      - AmazonS3
    body:
      encoding: UTF-8
      string: ''
    http_version: 
  recorded_at: Wed, 07 Jan 2015 12:57:27 GMT
- request:
    method: get
    uri: https://quickbooks-desktop-integration.s3.amazonaws.com/?max-keys=1000&prefix=54616145436f6e2fda030000/quickbooks_pending/query_inventories_
    body:
      encoding: US-ASCII
      string: ''
    headers:
      Content-Type:
      - ''
      Accept-Encoding:
      - ''
      User-Agent:
      - aws-sdk-ruby/1.57.0 ruby/2.1.5 x86_64-darwin14.0
      Date:
      - Wed, 07 Jan 2015 12:57:27 GMT
      Authorization:
      - AUTHORIZATION
      Accept:
      - "*/*"
  response:
    status:
      code: 200
      message: OK
    headers:
      X-Amz-Id-2:
      - EqyzAjkwOxwZHmp9WRVCDXC1czTHtItwTp1snPR9LT8V3xDAe2Zz8i9lDy74okfY
      X-Amz-Request-Id:
      - 05488C526E87408D
      Date:
      - Wed, 07 Jan 2015 12:57:28 GMT
      Content-Type:
      - application/xml
      Transfer-Encoding:
      - chunked
      Server:
      - AmazonS3
    body:
      encoding: UTF-8
      string: |-
        <?xml version="1.0" encoding="UTF-8"?>
        <ListBucketResult xmlns="http://s3.amazonaws.com/doc/2006-03-01/"><Name>quickbooks-desktop-integration</Name><Prefix>54616145436f6e2fda030000/quickbooks_pending/query_inventories_</Prefix><Marker></Marker><MaxKeys>1000</MaxKeys><IsTruncated>false</IsTruncated></ListBucketResult>
    http_version: 
  recorded_at: Wed, 07 Jan 2015 12:57:27 GMT
recorded_with: VCR 2.9.3
